POST: Array
(
    [app] => app1
    [titulo] => Prueba de Notificación 
    [mensaje] => prueba 
    [fecha_envio] => 
)

ONESIGNAL_PAYLOAD:
{
    "app_id": "85a1d19b-6490-4c8a-9a7e-b051c0d4de49",
    "included_segments": [
        "All"
    ],
    "headings": {
        "en": "Prueba de Notificaci\u00f3n "
    },
    "contents": {
        "en": "prueba "
    }
}
ONESIGNAL_RESPONSE:
{"id":"d24dc7c1-fc1b-43bb-a7a6-4acbb89fe770","external_id":null}
POST: Array
(
    [app] => app2
    [titulo] => Prueba de Notificación 
    [mensaje] => prueba
    [fecha_envio] => 
)

ONESIGNAL_PAYLOAD:
{
    "app_id": "58318179-63da-4dc6-8ab9-cf054484b51c",
    "included_segments": [
        "All"
    ],
    "headings": {
        "en": "Prueba de Notificaci\u00f3n "
    },
    "contents": {
        "en": "prueba"
    }
}
ONESIGNAL_RESPONSE:
{"id":"b55b1bef-f662-4e88-90d8-b6d637e8e63d","external_id":null}
POST: Array
(
    [app] => app2
    [titulo] => Prueba de Notificación 
    [mensaje] => prueba
    [fecha_envio] => 
)

ONESIGNAL_PAYLOAD:
{
    "app_id": "58318179-63da-4dc6-8ab9-cf054484b51c",
    "included_segments": [
        "All"
    ],
    "headings": {
        "en": "Prueba de Notificaci\u00f3n "
    },
    "contents": {
        "en": "prueba"
    }
}
ONESIGNAL_RESPONSE:
{"id":"648edaa9-0f15-40b0-9418-2d2c6a8e00f9","external_id":null}
POST: Array
(
    [app] => app2
    [titulo] => Prueba de Notificación 
    [mensaje] => prueba
    [fecha_envio] => 
)

ONESIGNAL_PAYLOAD:
{
    "app_id": "58318179-63da-4dc6-8ab9-cf054484b51c",
    "included_segments": [
        "All"
    ],
    "headings": {
        "en": "Prueba de Notificaci\u00f3n "
    },
    "contents": {
        "en": "prueba"
    }
}
ONESIGNAL_RESPONSE:
{"id":"95e1947d-bf06-42ce-96d8-e3ac9d7e807e","external_id":null}
POST:
Array
(
    [app] => app2
    [titulo] => Prueba de Notificación 
    [mensaje] => Prueba

    [fecha_envio] => 
)

ONESIGNAL_PAYLOAD:
{
    "app_id": "58318179-63da-4dc6-8ab9-cf054484b51c",
    "included_segments": [
        "All"
    ],
    "headings": {
        "es": "Prueba de Notificación"
    },
    "contents": {
        "es": "Prueba"
    }
}
ONESIGNAL_RESPONSE:
{"errors":["Message Notifications must have Any/English language content"]}
POST:
Array
(
    [app] => app2
    [titulo] => Prueba de Notificación 
    [mensaje] => Prueba

    [fecha_envio] => 
)

ONESIGNAL_PAYLOAD:
{
    "app_id": "58318179-63da-4dc6-8ab9-cf054484b51c",
    "included_segments": [
        "All"
    ],
    "headings": {
        "es": "Prueba de Notificación"
    },
    "contents": {
        "es": "Prueba"
    }
}
ONESIGNAL_RESPONSE:
{"errors":["Message Notifications must have Any/English language content"]}
POST:
Array
(
    [app] => app2
    [titulo] => Prueba de Notificación 
    [mensaje] => Prueba

    [fecha_envio] => 
)

ONESIGNAL_PAYLOAD:
{
    "app_id": "58318179-63da-4dc6-8ab9-cf054484b51c",
    "included_segments": [
        "All"
    ],
    "headings": {
        "es": "Prueba de Notificación"
    },
    "contents": {
        "es": "Prueba"
    }
}
ONESIGNAL_RESPONSE:
{"errors":["Message Notifications must have Any/English language content"]}
POST:
Array
(
    [app] => app2
    [titulo] => Prueba de Notificación 
    [mensaje] => Prueba

    [fecha_envio] => 
)

ONESIGNAL_PAYLOAD:
{
    "app_id": "58318179-63da-4dc6-8ab9-cf054484b51c",
    "included_segments": [
        "All"
    ],
    "headings": {
        "en": "Prueba de Notificación",
        "es": "Prueba de Notificación"
    },
    "contents": {
        "en": "Prueba",
        "es": "Prueba"
    }
}
ONESIGNAL_RESPONSE:
{"id":"a0087c5d-b9ed-4836-adac-fff641a33e72","external_id":null}
POST:
Array
(
    [app] => app1
    [titulo] => Prueba de Notificación 
    [mensaje] => a
    [fecha_envio] => 
)

ONESIGNAL_PAYLOAD:
{
    "app_id": "85a1d19b-6490-4c8a-9a7e-b051c0d4de49",
    "included_segments": [
        "All"
    ],
    "headings": {
        "en": "Prueba de Notificación",
        "es": "Prueba de Notificación"
    },
    "contents": {
        "en": "a",
        "es": "a"
    }
}
ONESIGNAL_RESPONSE:
{"id":"9dede9e5-cca8-43fd-a7bc-e115c87f69f8","external_id":null}
POST:
Array
(
    [app] => app2
    [titulo] => Prueba de Notificación 
    [mensaje] => a
    [fecha_envio] => 
)

ONESIGNAL_PAYLOAD:
{
    "app_id": "58318179-63da-4dc6-8ab9-cf054484b51c",
    "included_segments": [
        "All"
    ],
    "headings": {
        "en": "Prueba de Notificación",
        "es": "Prueba de Notificación"
    },
    "contents": {
        "en": "a",
        "es": "a"
    }
}
ONESIGNAL_RESPONSE:
{"id":"d037429e-72d2-40af-8a43-09618c14366e","external_id":null}
POST:
Array
(
    [app] => app2
    [titulo] => Prueba de Notificación 
    [mensaje] => a
    [fecha_envio] => 
)

ONESIGNAL_PAYLOAD:
{
    "app_id": "58318179-63da-4dc6-8ab9-cf054484b51c",
    "included_segments": [
        "All"
    ],
    "headings": {
        "en": "Prueba de Notificación",
        "es": "Prueba de Notificación"
    },
    "contents": {
        "en": "a",
        "es": "a"
    }
}
ONESIGNAL_RESPONSE:
{"id":"43e022cb-c3ea-4243-a431-d85320511fe1","external_id":null}
POST:
Array
(
    [app] => app2
    [titulo] => Prueba de Notificación 
    [mensaje] => a
    [fecha_envio] => 
)

ONESIGNAL_PAYLOAD:
{
    "app_id": "58318179-63da-4dc6-8ab9-cf054484b51c",
    "included_segments": [
        "All"
    ],
    "headings": {
        "en": "Prueba de Notificación",
        "es": "Prueba de Notificación"
    },
    "contents": {
        "en": "a",
        "es": "a"
    }
}
ONESIGNAL_RESPONSE:
{"id":"dba19807-0b90-4a1b-8d9f-341713a5eabc","external_id":null}
POST:
Array
(
    [app] => app2
    [titulo] => Prueba de Notificación 
    [mensaje] => a
    [fecha_envio] => 
)

ONESIGNAL_PAYLOAD:
{
    "app_id": "58318179-63da-4dc6-8ab9-cf054484b51c",
    "included_segments": [
        "All"
    ],
    "headings": {
        "en": "Prueba de Notificación",
        "es": "Prueba de Notificación"
    },
    "contents": {
        "en": "a",
        "es": "a"
    }
}
ONESIGNAL_RESPONSE:
{"id":"4440ac0d-cb55-42ca-a4f9-77cf9d2870c5","external_id":null}
POST:
Array
(
    [app] => app2
    [titulo] => Prueba de Notificación 
    [mensaje] => a
    [fecha_envio] => 
)

ONESIGNAL_PAYLOAD:
{
    "app_id": "58318179-63da-4dc6-8ab9-cf054484b51c",
    "included_segments": [
        "All"
    ],
    "headings": {
        "en": "Prueba de Notificación",
        "es": "Prueba de Notificación"
    },
    "contents": {
        "en": "a",
        "es": "a"
    }
}
ONESIGNAL_RESPONSE:
{"id":"afaf3dbd-79ab-49d7-b66f-8e1a96681e07","external_id":null}
POST:
Array
(
    [app] => app1
    [titulo] => Prueba de Notificación 
    [mensaje] => b
    [fecha_envio] => 
)

ONESIGNAL_PAYLOAD:
{
    "app_id": "85a1d19b-6490-4c8a-9a7e-b051c0d4de49",
    "included_segments": [
        "All"
    ],
    "headings": {
        "en": "Prueba de Notificación",
        "es": "Prueba de Notificación"
    },
    "contents": {
        "en": "b",
        "es": "b"
    }
}
ONESIGNAL_RESPONSE:
{"id":"eb36d59d-256f-435d-b549-1eb3af2cac77","external_id":null}
POST:
Array
(
    [app] => app1
    [titulo] => Prueba de Notificación 
    [mensaje] => b
    [fecha_envio] => 
)

ONESIGNAL_PAYLOAD:
{
    "app_id": "85a1d19b-6490-4c8a-9a7e-b051c0d4de49",
    "included_segments": [
        "All"
    ],
    "headings": {
        "en": "Prueba de Notificación",
        "es": "Prueba de Notificación"
    },
    "contents": {
        "en": "b",
        "es": "b"
    }
}
ONESIGNAL_RESPONSE:
{"id":"08479302-9e44-4402-9cea-1dd633cf4224","external_id":null}
POST:
Array
(
    [app] => app1
    [titulo] => Prueba de Notificación 
    [mensaje] => b
    [fecha_envio] => 
)

ONESIGNAL_PAYLOAD:
{
    "app_id": "85a1d19b-6490-4c8a-9a7e-b051c0d4de49",
    "included_segments": [
        "All"
    ],
    "headings": {
        "en": "Prueba de Notificación",
        "es": "Prueba de Notificación"
    },
    "contents": {
        "en": "b",
        "es": "b"
    }
}
ONESIGNAL_RESPONSE:
{"id":"b4eab6d0-89d6-47ad-bcb1-7c661c82c52e","external_id":null}
POST:
Array
(
    [app] => rpsp
    [titulo] => Prueba de Notificación 
    [mensaje] => a
    [fecha_envio] => 
)

POST:
Array
(
    [app] => rpsp
    [titulo] => Prueba de Notificación 
    [mensaje] => a
    [fecha_envio] => 
)

POST:
Array
(
    [app] => rpsp
    [titulo] => Prueba de Notificación 
    [mensaje] => a
    [fecha_envio] => 
)

POST:
Array
(
    [app] => rpsp
    [titulo] => Prueba de Notificación 
    [mensaje] => a
    [fecha_envio] => 
)

POST:
Array
(
    [app] => rpsp
    [titulo] => Prueba de Notificación 
    [mensaje] => a
    [fecha_envio] => 
)

POST:
Array
(
    [app] => rpsp
    [titulo] => Prueba de Notificación 
    [mensaje] => a
    [fecha_envio] => 
)

POST:
Array
(
    [app] => rpsp
    [titulo] => Prueba de Notificación 
    [mensaje] => a
    [fecha_envio] => 
)

POST:
Array
(
    [app] => rpsp
    [titulo] => Prueba de Notificación 
    [mensaje] => a
    [fecha_envio] => 
)

POST:
Array
(
    [app] => rpsp
    [titulo] => Prueba de Notificación 
    [mensaje] => a
    [fecha_envio] => 
)

POST:
Array
(
    [app] => rpsp
    [titulo] => Prueba de Notificación 
    [mensaje] => a
    [fecha_envio] => 
)

POST:
Array
(
    [app] => rpsp
    [titulo] => Prueba de Notificación 
    [mensaje] => a
    [fecha_envio] => 
)

POST:
Array
(
    [app] => rpsp
    [titulo] => Prueba de Notificación 
    [mensaje] => a
    [fecha_envio] => 
)

POST:
Array
(
    [app] => rpsp
    [titulo] => Prueba de Notificación 
    [mensaje] => c

    [fecha_envio] => 
)

